-N 1 --ntasks 1 --graph med-sparse
-N 1 --ntasks 2 --graph med-sparse
-N 1 --ntasks 4 --graph med-sparse
-N 1 --ntasks 8 --graph med-sparse
-N 1 --ntasks 16 --graph med-sparse
-N 1 --ntasks 32 --graph med-sparse
-N 1 --ntasks 64 --graph med-sparse
IO time: 0.001160
Number of nodes: 0, Number of edges: 0
Running CAPFOREST on graph with minimum cut 18446744073709551615
-N 1 --ntasks 128 --graph med-sparse
IO time: 0.002479
Number of nodes: 0, Number of edges: 0
Running CAPFOREST on graph with minimum cut 18446744073709551615
