-N 1 --ntasks 1 --graph small
0.213868
-N 1 --ntasks 2 --graph small
0.104822
-N 1 --ntasks 4 --graph small
0.075437
-N 1 --ntasks 8 --graph small
0.047133
-N 1 --ntasks 16 --graph small
0.020238
-N 1 --ntasks 32 --graph small
0.016152
-N 1 --ntasks 64 --graph small
0.009397
-N 1 --ntasks 128 --graph small
0.006423
