-N 1 --ntasks 1 --graph med-dense
-N 1 --ntasks 2 --graph med-dense
-N 1 --ntasks 4 --graph med-dense
1.247273
-N 1 --ntasks 8 --graph med-dense
0.632415
-N 1 --ntasks 16 --graph med-dense
0.375980
-N 1 --ntasks 32 --graph med-dense
0.211831
-N 1 --ntasks 64 --graph med-dense
0.129001
-N 1 --ntasks 128 --graph med-dense
0.095954
