-N 1 --ntasks 1 --graph large
-N 1 --ntasks 2 --graph large
-N 1 --ntasks 4 --graph large
-N 1 --ntasks 8 --graph large
-N 1 --ntasks 16 --graph large
-N 1 --ntasks 32 --graph large
-N 1 --ntasks 64 --graph large
-N 1 --ntasks 128 --graph large
